// Vitest Snapshot v1, https://vitest.dev/guide/snapshot.html

exports[`publish > should publish a package 1`] = `
{
  "name": "barhop",
  "version": "0.0.0-PLACEHOLDER",
}
`;
